../Core/Src/main.c:68:6:update_time	4	static
../Core/Src/main.c:83:6:send_time	88	static
../Core/Src/main.c:95:5:main	8	static
../Core/Src/main.c:148:6:SystemClock_Config	88	static
../Core/Src/main.c:190:13:MX_TIM5_Init	32	static
../Core/Src/main.c:235:13:MX_USART2_UART_Init	8	static
../Core/Src/main.c:268:13:MX_USART6_UART_Init	8	static
../Core/Src/main.c:301:13:MX_GPIO_Init	48	static
../Core/Src/main.c:334:6:HAL_TIM_PeriodElapsedCallback	16	static
../Core/Src/main.c:347:6:Error_Handler	4	static,ignoring_inline_asm
