../Core/Src/main.c:165:5:main	8	static
../Core/Src/main.c:440:6:SystemClock_Config	88	static
../Core/Src/main.c:482:13:MX_ADC1_Init	24	static
../Core/Src/main.c:534:13:MX_TIM2_Init	64	static
../Core/Src/main.c:593:13:MX_TIM3_Init	64	static
../Core/Src/main.c:656:13:MX_TIM5_Init	32	static
../Core/Src/main.c:700:13:MX_USART1_UART_Init	8	static
../Core/Src/main.c:733:13:MX_USART2_UART_Init	8	static
../Core/Src/main.c:766:13:MX_USART6_UART_Init	8	static
../Core/Src/main.c:799:13:MX_GPIO_Init	48	static
../Core/Src/main.c:865:6:DIGITS_Display	56	static
../Core/Src/main.c:954:6:ADC_Select_CH	32	static
../Core/Src/main.c:1090:6:UART_Parse_MSG	224	static
../Core/Src/main.c:1116:6:UART_Send_MSG	144	static
../Core/Src/main.c:1123:6:HAL_UART_RxCpltCallback	16	static
../Core/Src/main.c:1135:6:HAL_GPIO_EXTI_Callback	24	static
../Core/Src/main.c:1147:6:HAL_TIM_PeriodElapsedCallback	24	static
../Core/Src/main.c:1161:6:Control_DC_Motor_PWM	24	static
../Core/Src/main.c:1182:6:Control_Servo_Motor_PWM	16	static
../Core/Src/main.c:1196:6:Update_UI_Display	304	static
../Core/Src/main.c:1224:9:ADC_Manual_Control_Percent_PWM	16	static
../Core/Src/main.c:1239:6:Get_Water_Percent_Depth	16	static
../Core/Src/main.c:1263:6:Set_LED_Color	16	static
../Core/Src/main.c:1299:6:Update_DC_Motor_RPM	16	static
../Core/Src/main.c:1322:6:System_Interlock	8	static
../Core/Src/main.c:1345:6:Error_Handler	4	static,ignoring_inline_asm
