../Core/Src/main.c:138:5:main	80	static
../Core/Src/main.c:265:6:SystemClock_Config	88	static
../Core/Src/main.c:307:13:MX_ADC1_Init	24	static
../Core/Src/main.c:359:13:MX_TIM2_Init	64	static
../Core/Src/main.c:418:13:MX_TIM3_Init	64	static
../Core/Src/main.c:481:13:MX_TIM5_Init	32	static
../Core/Src/main.c:525:13:MX_USART1_UART_Init	8	static
../Core/Src/main.c:558:13:MX_USART2_UART_Init	8	static
../Core/Src/main.c:591:13:MX_USART6_UART_Init	8	static
../Core/Src/main.c:624:13:MX_GPIO_Init	48	static
../Core/Src/main.c:690:6:DIGITS_Display	56	static
../Core/Src/main.c:779:6:ADC_Select_CH	32	static
../Core/Src/main.c:915:6:UART_Parse_MSG	224	static
../Core/Src/main.c:941:6:UART_Send_MSG	80	static
../Core/Src/main.c:948:6:HAL_UART_RxCpltCallback	16	static
../Core/Src/main.c:960:6:HAL_GPIO_EXTI_Callback	24	static
../Core/Src/main.c:972:6:HAL_TIM_PeriodElapsedCallback	32	static
../Core/Src/main.c:991:6:Control_DC_Motor_PWM	24	static
../Core/Src/main.c:1007:6:Control_Servo_Motor_PWM	16	static
../Core/Src/main.c:1020:6:Update_Wall_CLK_Display	32	static
../Core/Src/main.c:1037:9:ADC_Manual_Control_PWM	24	static
../Core/Src/main.c:1056:6:Error_Handler	4	static,ignoring_inline_asm
