../Core/Src/main.c:160:5:main	8	static
../Core/Src/main.c:403:6:SystemClock_Config	88	static
../Core/Src/main.c:445:13:MX_ADC1_Init	24	static
../Core/Src/main.c:497:13:MX_TIM2_Init	64	static
../Core/Src/main.c:556:13:MX_TIM3_Init	64	static
../Core/Src/main.c:619:13:MX_TIM5_Init	32	static
../Core/Src/main.c:663:13:MX_USART1_UART_Init	8	static
../Core/Src/main.c:696:13:MX_USART2_UART_Init	8	static
../Core/Src/main.c:729:13:MX_USART6_UART_Init	8	static
../Core/Src/main.c:762:13:MX_GPIO_Init	48	static
../Core/Src/main.c:828:6:DIGITS_Display	56	static
../Core/Src/main.c:917:6:ADC_Select_CH	32	static
../Core/Src/main.c:1053:6:UART_Parse_MSG	224	static
../Core/Src/main.c:1079:6:UART_Send_MSG	144	static
../Core/Src/main.c:1086:6:HAL_UART_RxCpltCallback	16	static
../Core/Src/main.c:1098:6:HAL_GPIO_EXTI_Callback	24	static
../Core/Src/main.c:1110:6:HAL_TIM_PeriodElapsedCallback	32	static
../Core/Src/main.c:1129:6:Control_DC_Motor_PWM	24	static
../Core/Src/main.c:1150:6:Control_Servo_Motor_PWM	16	static
../Core/Src/main.c:1164:6:Update_Wall_CLK_Display	304	static
../Core/Src/main.c:1192:9:ADC_Manual_Control_Percent_PWM	16	static
../Core/Src/main.c:1207:6:Get_Water_Percent_depth	16	static
../Core/Src/main.c:1231:6:Set_LED_Color	16	static
../Core/Src/main.c:1267:6:System_Interlock	8	static
../Core/Src/main.c:1290:6:Error_Handler	4	static,ignoring_inline_asm
